// Jest Snapshot v1, https://goo.gl/fbAQLP

exports[`Indicators Component matches snapshot 1`] = `
<div
  class="carousel-indicators justify-content-center"
  role="tablist"
>
  <button
    aria-label="Go to slide 1"
    aria-selected="true"
    class="indicator-btn"
    type="button"
  >
    1
  </button>
  <button
    aria-label="Go to slide 2"
    aria-selected="false"
    class="indicator-btn"
    type="button"
  >
    2
  </button>
  <button
    aria-label="Go to slide 3"
    aria-selected="false"
    class="indicator-btn"
    type="button"
  >
    3
  </button>
</div>
`;
