// Jest Snapshot v1, https://goo.gl/fbAQLP

exports[`Indicators Component matches the snapshot for visual regression testing 1`] = `
<div>
  <div
    class="carousel-indicators justify-content-center"
    role="tablist"
  >
    <button
      aria-label="Go to slide 1"
      aria-selected="true"
      class="indicator-btn"
      type="button"
    >
      1
    </button>
    <button
      aria-label="Go to slide 2"
      aria-selected="false"
      class="indicator-btn"
      type="button"
    >
      2
    </button>
    <button
      aria-label="Go to slide 3"
      aria-selected="false"
      class="indicator-btn"
      type="button"
    >
      3
    </button>
  </div>
</div>
`;

exports[`Slide Component matches snapshot 1`] = `
<div
  class="carousel-item active"
  role="tabpanel"
>
  <div
    class="d-block w-100"
  >
    <p>
      Snapshot Slide
    </p>
  </div>
</div>
`;

exports[`SlideImg Component matches snapshot for SlideImg 1`] = `
<svg
  aria-hidden="true"
  class="bd-placeholder-img"
  focusable="false"
  height="100%"
  preserveAspectRatio="xMidYMid slice"
  role="img"
  width="100%"
  xmlns="http://www.w3.org/2000/svg"
>
  <rect
    fill="#777"
    height="100%"
    width="100%"
  />
</svg>
`;
